[2026-06-25T07:36:19.096244+00:00] roadmap valid path=G:\s43_work\s43_g11_work\ROADMAP\master_plan.json phases=20
[2026-06-25T07:36:19.102185+00:00] starting engine timeout=10s
[2026-06-25T07:36:19.293241+00:00] engine exit_code=0
[2026-06-25T07:36:19.298887+00:00] supervisor finished successfully
[2026-06-25T07:39:30.916282+00:00] roadmap valid path=G:\s43_work\s43_g11_work\ROADMAP\master_plan.json phases=20
[2026-06-25T07:39:30.918284+00:00] starting engine timeout=10s
[2026-06-25T07:39:31.111645+00:00] engine exit_code=0
[2026-06-25T07:39:31.112648+00:00] supervisor finished successfully
[2026-06-25T07:39:35.477397+00:00] roadmap valid path=G:\s43_work\s43_g11_work\ROADMAP\master_plan.json phases=20
[2026-06-25T07:39:35.504979+00:00] starting engine timeout=10s
[2026-06-25T07:39:35.964307+00:00] engine exit_code=0
[2026-06-25T07:39:35.966308+00:00] supervisor finished successfully
[2026-06-25T07:39:39.513136+00:00] roadmap valid path=G:\s43_work\s43_g11_work\ROADMAP\master_plan.json phases=20
[2026-06-25T07:39:39.517695+00:00] starting engine timeout=10s
[2026-06-25T07:39:39.766045+00:00] engine exit_code=0
[2026-06-25T07:39:39.767456+00:00] supervisor finished successfully
[2026-06-25T07:42:12.535337+00:00] json guard stdout:
[2026-06-25T07:42:12.639802+00:00]   [2026-06-25T07:42:12.417293+00:00] valid backup saved latest=G:\s43_work\s43_g11_work\runtime\backups\master_plan.valid.json stamped=G:\s43_work\s43_g11_work\runtime\backups\master_plan.valid.20260625T074212Z.json
[2026-06-25T07:42:12.708047+00:00]   [2026-06-25T07:42:12.417293+00:00] roadmap valid path=G:\s43_work\s43_g11_work\ROADMAP\master_plan.json phases=20
[2026-06-25T07:42:12.745584+00:00]   {
[2026-06-25T07:42:12.809881+00:00]     "status": "valid",
[2026-06-25T07:42:12.857153+00:00]     "path": "G:\\s43_work\\s43_g11_work\\ROADMAP\\master_plan.json",
[2026-06-25T07:42:12.928148+00:00]     "phases": 20
[2026-06-25T07:42:13.014346+00:00]   }
[2026-06-25T07:42:13.070290+00:00] roadmap valid path=G:\s43_work\s43_g11_work\ROADMAP\master_plan.json phases=20
[2026-06-25T07:42:13.109467+00:00] starting engine timeout=10s
[2026-06-25T07:42:13.817213+00:00] engine exit_code=0
[2026-06-25T07:42:13.821818+00:00] supervisor finished successfully
[2026-06-25T07:42:17.627088+00:00] json guard stdout:
[2026-06-25T07:42:17.627728+00:00]   [2026-06-25T07:42:17.598229+00:00] valid backup saved latest=G:\s43_work\s43_g11_work\runtime\backups\master_plan.valid.json stamped=G:\s43_work\s43_g11_work\runtime\backups\master_plan.valid.20260625T074217Z.json
[2026-06-25T07:42:17.627728+00:00]   [2026-06-25T07:42:17.598229+00:00] roadmap valid path=G:\s43_work\s43_g11_work\ROADMAP\master_plan.json phases=20
[2026-06-25T07:42:17.629307+00:00]   {
[2026-06-25T07:42:17.629307+00:00]     "status": "valid",
[2026-06-25T07:42:17.629307+00:00]     "path": "G:\\s43_work\\s43_g11_work\\ROADMAP\\master_plan.json",
[2026-06-25T07:42:17.629307+00:00]     "phases": 20
[2026-06-25T07:42:17.629307+00:00]   }
[2026-06-25T07:42:17.629307+00:00] roadmap valid path=G:\s43_work\s43_g11_work\ROADMAP\master_plan.json phases=20
[2026-06-25T07:42:17.629307+00:00] starting engine timeout=10s
[2026-06-25T07:42:17.793643+00:00] engine exit_code=0
[2026-06-25T07:42:17.800705+00:00] supervisor finished successfully
[2026-06-25T07:42:21.512196+00:00] json guard stdout:
[2026-06-25T07:42:21.513203+00:00]   [2026-06-25T07:42:21.486696+00:00] valid backup saved latest=G:\s43_work\s43_g11_work\runtime\backups\master_plan.valid.json stamped=G:\s43_work\s43_g11_work\runtime\backups\master_plan.valid.20260625T074221Z.json
[2026-06-25T07:42:21.513203+00:00]   [2026-06-25T07:42:21.486696+00:00] roadmap valid path=G:\s43_work\s43_g11_work\ROADMAP\master_plan.json phases=20
[2026-06-25T07:42:21.514198+00:00]   {
[2026-06-25T07:42:21.514198+00:00]     "status": "valid",
[2026-06-25T07:42:21.515201+00:00]     "path": "G:\\s43_work\\s43_g11_work\\ROADMAP\\master_plan.json",
[2026-06-25T07:42:21.515201+00:00]     "phases": 20
[2026-06-25T07:42:21.516198+00:00]   }
[2026-06-25T07:42:21.517582+00:00] roadmap valid path=G:\s43_work\s43_g11_work\ROADMAP\master_plan.json phases=20
[2026-06-25T07:42:21.519580+00:00] starting engine timeout=10s
[2026-06-25T07:42:21.649385+00:00] engine exit_code=0
[2026-06-25T07:42:21.650387+00:00] supervisor finished successfully
[2026-06-25T07:42:25.490959+00:00] json guard stdout:
[2026-06-25T07:42:25.491958+00:00]   [2026-06-25T07:42:25.419328+00:00] valid backup saved latest=G:\s43_work\s43_g11_work\runtime\backups\master_plan.valid.json stamped=G:\s43_work\s43_g11_work\runtime\backups\master_plan.valid.20260625T074225Z.json
[2026-06-25T07:42:25.491958+00:00]   [2026-06-25T07:42:25.420341+00:00] roadmap valid path=G:\s43_work\s43_g11_work\ROADMAP\master_plan.json phases=20
[2026-06-25T07:42:25.492954+00:00]   {
[2026-06-25T07:42:25.493954+00:00]     "status": "valid",
[2026-06-25T07:42:25.493954+00:00]     "path": "G:\\s43_work\\s43_g11_work\\ROADMAP\\master_plan.json",
[2026-06-25T07:42:25.494954+00:00]     "phases": 20
[2026-06-25T07:42:25.494954+00:00]   }
[2026-06-25T07:42:25.495955+00:00] roadmap valid path=G:\s43_work\s43_g11_work\ROADMAP\master_plan.json phases=20
[2026-06-25T07:42:25.497955+00:00] starting engine timeout=10s
[2026-06-25T07:42:25.891514+00:00] engine exit_code=0
[2026-06-25T07:42:25.892510+00:00] supervisor finished successfully
[2026-06-25T07:44:30.220166+00:00] json guard stdout:
[2026-06-25T07:44:30.222164+00:00]   [2026-06-25T07:44:30.180144+00:00] valid backup saved latest=G:\s43_work\s43_g11_work\runtime\backups\master_plan.valid.json stamped=G:\s43_work\s43_g11_work\runtime\backups\master_plan.valid.20260625T074430Z.json
[2026-06-25T07:44:30.226165+00:00]   [2026-06-25T07:44:30.181147+00:00] roadmap valid path=G:\s43_work\s43_g11_work\ROADMAP\master_plan.json phases=20
[2026-06-25T07:44:30.246143+00:00]   {
[2026-06-25T07:44:30.247139+00:00]     "status": "valid",
[2026-06-25T07:44:30.250145+00:00]     "path": "G:\\s43_work\\s43_g11_work\\ROADMAP\\master_plan.json",
[2026-06-25T07:44:30.254872+00:00]     "phases": 20
[2026-06-25T07:44:30.259056+00:00]   }
[2026-06-25T07:44:30.576382+00:00] safety gate stdout:
[2026-06-25T07:44:30.580389+00:00]   {
[2026-06-25T07:44:30.582383+00:00]     "status": "allowed",
[2026-06-25T07:44:30.583387+00:00]     "detail": {
[2026-06-25T07:44:30.586384+00:00]       "policy_version": "0.1.0",
[2026-06-25T07:44:30.587386+00:00]       "mode": "safe_autonomy",
[2026-06-25T07:44:30.587386+00:00]       "roadmap": "G:\\s43_work\\s43_g11_work\\ROADMAP\\master_plan.json",
[2026-06-25T07:44:30.588385+00:00]       "phases": 20
[2026-06-25T07:44:30.589387+00:00]     }
[2026-06-25T07:44:30.591389+00:00]   }
[2026-06-25T07:44:30.595387+00:00] roadmap valid path=G:\s43_work\s43_g11_work\ROADMAP\master_plan.json phases=20
[2026-06-25T07:44:30.599390+00:00] starting engine timeout=10s
[2026-06-25T07:44:30.809261+00:00] engine exit_code=0
[2026-06-25T07:44:30.812270+00:00] supervisor finished successfully
[2026-06-25T07:44:34.787942+00:00] json guard stdout:
[2026-06-25T07:44:34.788942+00:00]   [2026-06-25T07:44:34.758636+00:00] valid backup saved latest=G:\s43_work\s43_g11_work\runtime\backups\master_plan.valid.json stamped=G:\s43_work\s43_g11_work\runtime\backups\master_plan.valid.20260625T074434Z.json
[2026-06-25T07:44:34.788942+00:00]   [2026-06-25T07:44:34.759632+00:00] roadmap valid path=G:\s43_work\s43_g11_work\ROADMAP\master_plan.json phases=20
[2026-06-25T07:44:34.789939+00:00]   {
[2026-06-25T07:44:34.789939+00:00]     "status": "valid",
[2026-06-25T07:44:34.790936+00:00]     "path": "G:\\s43_work\\s43_g11_work\\ROADMAP\\master_plan.json",
[2026-06-25T07:44:34.790936+00:00]     "phases": 20
[2026-06-25T07:44:34.791937+00:00]   }
[2026-06-25T07:44:36.078921+00:00] safety gate stdout:
[2026-06-25T07:44:36.078921+00:00]   {
[2026-06-25T07:44:36.080927+00:00]     "status": "allowed",
[2026-06-25T07:44:36.081926+00:00]     "detail": {
[2026-06-25T07:44:36.082923+00:00]       "policy_version": "0.1.0",
[2026-06-25T07:44:36.082923+00:00]       "mode": "safe_autonomy",
[2026-06-25T07:44:36.083922+00:00]       "roadmap": "G:\\s43_work\\s43_g11_work\\ROADMAP\\master_plan.json",
[2026-06-25T07:44:36.084925+00:00]       "phases": 20
[2026-06-25T07:44:36.084925+00:00]     }
[2026-06-25T07:44:36.085929+00:00]   }
[2026-06-25T07:44:36.089927+00:00] roadmap valid path=G:\s43_work\s43_g11_work\ROADMAP\master_plan.json phases=20
[2026-06-25T07:44:36.092928+00:00] starting engine timeout=10s
[2026-06-25T07:44:36.549023+00:00] engine exit_code=0
[2026-06-25T07:44:36.555017+00:00] supervisor finished successfully
[2026-06-25T07:44:40.621062+00:00] json guard stdout:
[2026-06-25T07:44:40.622058+00:00]   [2026-06-25T07:44:40.581762+00:00] valid backup saved latest=G:\s43_work\s43_g11_work\runtime\backups\master_plan.valid.json stamped=G:\s43_work\s43_g11_work\runtime\backups\master_plan.valid.20260625T074440Z.json
[2026-06-25T07:44:40.622058+00:00]   [2026-06-25T07:44:40.581762+00:00] roadmap valid path=G:\s43_work\s43_g11_work\ROADMAP\master_plan.json phases=20
[2026-06-25T07:44:40.623064+00:00]   {
[2026-06-25T07:44:40.623064+00:00]     "status": "valid",
[2026-06-25T07:44:40.624056+00:00]     "path": "G:\\s43_work\\s43_g11_work\\ROADMAP\\master_plan.json",
[2026-06-25T07:44:40.624056+00:00]     "phases": 20
[2026-06-25T07:44:40.625056+00:00]   }
[2026-06-25T07:44:41.004100+00:00] safety gate stdout:
[2026-06-25T07:44:41.004100+00:00]   {
[2026-06-25T07:44:41.005098+00:00]     "status": "allowed",
[2026-06-25T07:44:41.005098+00:00]     "detail": {
[2026-06-25T07:44:41.006098+00:00]       "policy_version": "0.1.0",
[2026-06-25T07:44:41.007094+00:00]       "mode": "safe_autonomy",
[2026-06-25T07:44:41.007094+00:00]       "roadmap": "G:\\s43_work\\s43_g11_work\\ROADMAP\\master_plan.json",
[2026-06-25T07:44:41.007094+00:00]       "phases": 20
[2026-06-25T07:44:41.008096+00:00]     }
[2026-06-25T07:44:41.008096+00:00]   }
[2026-06-25T07:44:41.011098+00:00] roadmap valid path=G:\s43_work\s43_g11_work\ROADMAP\master_plan.json phases=20
[2026-06-25T07:44:41.013098+00:00] starting engine timeout=10s
[2026-06-25T07:44:41.205982+00:00] engine exit_code=0
[2026-06-25T07:44:41.208977+00:00] supervisor finished successfully
[2026-06-25T07:44:44.854952+00:00] json guard stdout:
[2026-06-25T07:44:44.855956+00:00]   [2026-06-25T07:44:44.831069+00:00] valid backup saved latest=G:\s43_work\s43_g11_work\runtime\backups\master_plan.valid.json stamped=G:\s43_work\s43_g11_work\runtime\backups\master_plan.valid.20260625T074444Z.json
[2026-06-25T07:44:44.855956+00:00]   [2026-06-25T07:44:44.832067+00:00] roadmap valid path=G:\s43_work\s43_g11_work\ROADMAP\master_plan.json phases=20
[2026-06-25T07:44:44.856957+00:00]   {
[2026-06-25T07:44:44.856957+00:00]     "status": "valid",
[2026-06-25T07:44:44.857954+00:00]     "path": "G:\\s43_work\\s43_g11_work\\ROADMAP\\master_plan.json",
[2026-06-25T07:44:44.857954+00:00]     "phases": 20
[2026-06-25T07:44:44.858958+00:00]   }
[2026-06-25T07:44:45.110805+00:00] safety gate stdout:
[2026-06-25T07:44:45.111018+00:00]   {
[2026-06-25T07:44:45.112020+00:00]     "status": "allowed",
[2026-06-25T07:44:45.112020+00:00]     "detail": {
[2026-06-25T07:44:45.113022+00:00]       "policy_version": "0.1.0",
[2026-06-25T07:44:45.113022+00:00]       "mode": "safe_autonomy",
[2026-06-25T07:44:45.114025+00:00]       "roadmap": "G:\\s43_work\\s43_g11_work\\ROADMAP\\master_plan.json",
[2026-06-25T07:44:45.114025+00:00]       "phases": 20
[2026-06-25T07:44:45.115022+00:00]     }
[2026-06-25T07:44:45.115022+00:00]   }
[2026-06-25T07:44:45.117232+00:00] roadmap valid path=G:\s43_work\s43_g11_work\ROADMAP\master_plan.json phases=20
[2026-06-25T07:44:45.119229+00:00] starting engine timeout=10s
[2026-06-25T07:44:45.276026+00:00] engine exit_code=0
[2026-06-25T07:44:45.278544+00:00] supervisor finished successfully
[2026-06-25T07:45:26.599398+00:00] json guard stdout:
[2026-06-25T07:45:26.601415+00:00]   [2026-06-25T07:45:26.578172+00:00] valid backup saved latest=G:\s43_work\s43_g11_work\runtime\backups\master_plan.valid.json stamped=G:\s43_work\s43_g11_work\runtime\backups\master_plan.valid.20260625T074526Z.json
[2026-06-25T07:45:26.603404+00:00]   [2026-06-25T07:45:26.579174+00:00] roadmap valid path=G:\s43_work\s43_g11_work\ROADMAP\master_plan.json phases=20
[2026-06-25T07:45:26.604403+00:00]   {
[2026-06-25T07:45:26.605403+00:00]     "status": "valid",
[2026-06-25T07:45:26.605403+00:00]     "path": "G:\\s43_work\\s43_g11_work\\ROADMAP\\master_plan.json",
[2026-06-25T07:45:26.627879+00:00]     "phases": 20
[2026-06-25T07:45:26.629186+00:00]   }
[2026-06-25T07:45:26.847343+00:00] safety gate stdout:
[2026-06-25T07:45:26.848356+00:00]   {
[2026-06-25T07:45:26.849356+00:00]     "status": "blocked",
[2026-06-25T07:45:26.851135+00:00]     "detail": {
[2026-06-25T07:45:26.852141+00:00]       "error": "RuntimeError('EMERGENCY_STOP is active: G:\\\\s43_work\\\\s43_g11_work\\\\runtime\\\\EMERGENCY_STOP')"
[2026-06-25T07:45:26.852141+00:00]     }
[2026-06-25T07:45:26.853136+00:00]   }
[2026-06-25T07:45:26.878003+00:00] supervisor error: safety gate blocked execution exit_code=2
[2026-06-25T07:45:28.038085+00:00] json guard stdout:
[2026-06-25T07:45:28.039651+00:00]   [2026-06-25T07:45:28.019248+00:00] valid backup saved latest=G:\s43_work\s43_g11_work\runtime\backups\master_plan.valid.json stamped=G:\s43_work\s43_g11_work\runtime\backups\master_plan.valid.20260625T074528Z.json
[2026-06-25T07:45:28.041661+00:00]   [2026-06-25T07:45:28.020256+00:00] roadmap valid path=G:\s43_work\s43_g11_work\ROADMAP\master_plan.json phases=20
[2026-06-25T07:45:28.041661+00:00]   {
[2026-06-25T07:45:28.042654+00:00]     "status": "valid",
[2026-06-25T07:45:28.043656+00:00]     "path": "G:\\s43_work\\s43_g11_work\\ROADMAP\\master_plan.json",
[2026-06-25T07:45:28.043656+00:00]     "phases": 20
[2026-06-25T07:45:28.044652+00:00]   }
[2026-06-25T07:45:28.243124+00:00] safety gate stdout:
[2026-06-25T07:45:28.243934+00:00]   {
[2026-06-25T07:45:28.245934+00:00]     "status": "allowed",
[2026-06-25T07:45:28.246935+00:00]     "detail": {
[2026-06-25T07:45:28.246935+00:00]       "policy_version": "0.1.0",
[2026-06-25T07:45:28.247936+00:00]       "mode": "safe_autonomy",
[2026-06-25T07:45:28.248934+00:00]       "roadmap": "G:\\s43_work\\s43_g11_work\\ROADMAP\\master_plan.json",
[2026-06-25T07:45:28.248934+00:00]       "phases": 20
[2026-06-25T07:45:28.249936+00:00]     }
[2026-06-25T07:45:28.250934+00:00]   }
[2026-06-25T07:45:28.252935+00:00] roadmap valid path=G:\s43_work\s43_g11_work\ROADMAP\master_plan.json phases=20
[2026-06-25T07:45:28.253942+00:00] starting engine timeout=10s
[2026-06-25T07:45:28.375329+00:00] engine exit_code=0
[2026-06-25T07:45:28.378335+00:00] supervisor finished successfully
[2026-06-25T07:47:20.081986+00:00] json guard stdout:
[2026-06-25T07:47:20.082982+00:00]   [2026-06-25T07:47:19.959378+00:00] valid backup saved latest=G:\s43_work\s43_g11_work\runtime\backups\master_plan.valid.json stamped=G:\s43_work\s43_g11_work\runtime\backups\master_plan.valid.20260625T074719Z.json
[2026-06-25T07:47:20.083979+00:00]   [2026-06-25T07:47:19.959378+00:00] roadmap valid path=G:\s43_work\s43_g11_work\ROADMAP\master_plan.json phases=20
[2026-06-25T07:47:20.084983+00:00]   {
[2026-06-25T07:47:20.111057+00:00]     "status": "valid",
[2026-06-25T07:47:20.126435+00:00]     "path": "G:\\s43_work\\s43_g11_work\\ROADMAP\\master_plan.json",
[2026-06-25T07:47:20.152320+00:00]     "phases": 20
[2026-06-25T07:47:20.159319+00:00]   }
[2026-06-25T07:47:21.925203+00:00] safety gate stdout:
[2026-06-25T07:47:21.925203+00:00]   {
[2026-06-25T07:47:21.925203+00:00]     "status": "blocked",
[2026-06-25T07:47:21.925203+00:00]     "detail": {
[2026-06-25T07:47:21.925203+00:00]       "error": "RuntimeError('EMERGENCY_STOP is active: G:\\\\s43_work\\\\s43_g11_work\\\\runtime\\\\EMERGENCY_STOP')"
[2026-06-25T07:47:21.925203+00:00]     }
[2026-06-25T07:47:21.935328+00:00]   }
[2026-06-25T07:47:21.996256+00:00] supervisor error: safety gate blocked execution exit_code=2
[2026-06-25T07:47:25.238433+00:00] json guard stdout:
[2026-06-25T07:47:25.239433+00:00]   [2026-06-25T07:47:25.162152+00:00] valid backup saved latest=G:\s43_work\s43_g11_work\runtime\backups\master_plan.valid.json stamped=G:\s43_work\s43_g11_work\runtime\backups\master_plan.valid.20260625T074725Z.json
[2026-06-25T07:47:25.302880+00:00]   [2026-06-25T07:47:25.163153+00:00] roadmap valid path=G:\s43_work\s43_g11_work\ROADMAP\master_plan.json phases=20
[2026-06-25T07:47:25.324808+00:00]   {
[2026-06-25T07:47:25.327807+00:00]     "status": "valid",
[2026-06-25T07:47:25.336180+00:00]     "path": "G:\\s43_work\\s43_g11_work\\ROADMAP\\master_plan.json",
[2026-06-25T07:47:25.338185+00:00]     "phases": 20
[2026-06-25T07:47:25.342182+00:00]   }
[2026-06-25T07:47:26.990187+00:00] safety gate stdout:
[2026-06-25T07:47:26.991192+00:00]   {
[2026-06-25T07:47:26.993188+00:00]     "status": "allowed",
[2026-06-25T07:47:26.994195+00:00]     "detail": {
[2026-06-25T07:47:26.994195+00:00]       "policy_version": "0.1.0",
[2026-06-25T07:47:26.998186+00:00]       "mode": "safe_autonomy",
[2026-06-25T07:47:27.002187+00:00]       "roadmap": "G:\\s43_work\\s43_g11_work\\ROADMAP\\master_plan.json",
[2026-06-25T07:47:27.004198+00:00]       "phases": 20
[2026-06-25T07:47:27.011184+00:00]     }
[2026-06-25T07:47:27.018339+00:00]   }
[2026-06-25T07:47:27.022339+00:00] roadmap valid path=G:\s43_work\s43_g11_work\ROADMAP\master_plan.json phases=20
[2026-06-25T07:47:27.026337+00:00] starting engine timeout=10s
[2026-06-25T07:47:27.252377+00:00] engine exit_code=0
[2026-06-25T07:47:27.255377+00:00] supervisor finished successfully
[2026-06-25T07:51:13.764298+00:00] json guard stdout:
[2026-06-25T07:51:13.770304+00:00]   [2026-06-25T07:51:13.708640+00:00] valid backup saved latest=G:\s43_work\s43_g11_work\runtime\backups\master_plan.valid.json stamped=G:\s43_work\s43_g11_work\runtime\backups\master_plan.valid.20260625T075113Z.json
[2026-06-25T07:51:13.784933+00:00]   [2026-06-25T07:51:13.709631+00:00] roadmap valid path=G:\s43_work\s43_g11_work\ROADMAP\master_plan.json phases=20
[2026-06-25T07:51:13.788419+00:00]   {
[2026-06-25T07:51:13.789427+00:00]     "status": "valid",
[2026-06-25T07:51:13.790425+00:00]     "path": "G:\\s43_work\\s43_g11_work\\ROADMAP\\master_plan.json",
[2026-06-25T07:51:13.790425+00:00]     "phases": 20
[2026-06-25T07:51:13.791426+00:00]   }
[2026-06-25T07:51:14.070711+00:00] safety gate stdout:
[2026-06-25T07:51:14.071720+00:00]   {
[2026-06-25T07:51:14.073718+00:00]     "status": "allowed",
[2026-06-25T07:51:14.074718+00:00]     "detail": {
[2026-06-25T07:51:14.074718+00:00]       "policy_version": "0.1.0",
[2026-06-25T07:51:14.076342+00:00]       "mode": "safe_autonomy",
[2026-06-25T07:51:14.077343+00:00]       "roadmap": "G:\\s43_work\\s43_g11_work\\ROADMAP\\master_plan.json",
[2026-06-25T07:51:14.077343+00:00]       "phases": 20
[2026-06-25T07:51:14.078346+00:00]     }
[2026-06-25T07:51:14.079747+00:00]   }
[2026-06-25T07:51:14.083756+00:00] roadmap valid path=G:\s43_work\s43_g11_work\ROADMAP\master_plan.json phases=20
[2026-06-25T07:51:14.085754+00:00] starting engine timeout=10s
[2026-06-25T07:51:14.221952+00:00] engine exit_code=0
[2026-06-25T07:51:14.225203+00:00] supervisor finished successfully
[2026-06-25T08:05:07.958336+00:00] json guard stdout:
[2026-06-25T08:05:07.971604+00:00]   [2026-06-25T08:05:07.933593+00:00] valid backup saved latest=G:\s43_work\s43_g11_work\runtime\backups\master_plan.valid.json stamped=G:\s43_work\s43_g11_work\runtime\backups\master_plan.valid.20260625T080507Z.json
[2026-06-25T08:05:07.972594+00:00]   [2026-06-25T08:05:07.934596+00:00] roadmap valid path=G:\s43_work\s43_g11_work\ROADMAP\master_plan.json phases=21
[2026-06-25T08:05:07.974592+00:00]   {
[2026-06-25T08:05:07.976595+00:00]     "status": "valid",
[2026-06-25T08:05:07.977583+00:00]     "path": "G:\\s43_work\\s43_g11_work\\ROADMAP\\master_plan.json",
[2026-06-25T08:05:07.978583+00:00]     "phases": 21
[2026-06-25T08:05:07.979584+00:00]   }
[2026-06-25T08:05:08.778276+00:00] safety gate stdout:
[2026-06-25T08:05:08.780295+00:00]   {
[2026-06-25T08:05:08.797778+00:00]     "status": "allowed",
[2026-06-25T08:05:08.802666+00:00]     "detail": {
[2026-06-25T08:05:08.804666+00:00]       "policy_version": "0.1.0",
[2026-06-25T08:05:08.844501+00:00]       "mode": "safe_autonomy",
[2026-06-25T08:05:08.853489+00:00]       "roadmap": "G:\\s43_work\\s43_g11_work\\ROADMAP\\master_plan.json",
[2026-06-25T08:05:08.857491+00:00]       "phases": 21
[2026-06-25T08:05:08.862489+00:00]     }
[2026-06-25T08:05:08.895823+00:00]   }
[2026-06-25T08:05:08.903485+00:00] roadmap valid path=G:\s43_work\s43_g11_work\ROADMAP\master_plan.json phases=21
[2026-06-25T08:05:08.910484+00:00] starting engine timeout=10s
[2026-06-25T08:05:09.130870+00:00] engine exit_code=0
[2026-06-25T08:05:09.134575+00:00] supervisor finished successfully
